Archive member included because of file (symbol)

e:/1 ntfs/cse/imt/imt tools/sdk/imt_sdk_win_64/winavr/bin/../lib/gcc/avr/4.3.3/avr5\libgcc.a(_exit.o)
                              e:/1 ntfs/cse/imt/imt tools/sdk/imt_sdk_win_64/winavr/bin/../lib/gcc/avr/4.3.3/../../../../avr/lib/avr5/crtm32.o (exit)
e:/1 ntfs/cse/imt/imt tools/sdk/imt_sdk_win_64/winavr/bin/../lib/gcc/avr/4.3.3/avr5\libgcc.a(_fixunssfsi.o)
                              ./7Segment.o (__fixunssfsi)
e:/1 ntfs/cse/imt/imt tools/sdk/imt_sdk_win_64/winavr/bin/../lib/gcc/avr/4.3.3/avr5\libgcc.a(_addsub_sf.o)
                              e:/1 ntfs/cse/imt/imt tools/sdk/imt_sdk_win_64/winavr/bin/../lib/gcc/avr/4.3.3/avr5\libgcc.a(_fixunssfsi.o) (__subsf3)
e:/1 ntfs/cse/imt/imt tools/sdk/imt_sdk_win_64/winavr/bin/../lib/gcc/avr/4.3.3/avr5\libgcc.a(_mul_sf.o)
                              ./7Segment.o (__mulsf3)
e:/1 ntfs/cse/imt/imt tools/sdk/imt_sdk_win_64/winavr/bin/../lib/gcc/avr/4.3.3/avr5\libgcc.a(_gt_sf.o)
                              ./7Segment.o (__gtsf2)
e:/1 ntfs/cse/imt/imt tools/sdk/imt_sdk_win_64/winavr/bin/../lib/gcc/avr/4.3.3/avr5\libgcc.a(_ge_sf.o)
                              e:/1 ntfs/cse/imt/imt tools/sdk/imt_sdk_win_64/winavr/bin/../lib/gcc/avr/4.3.3/avr5\libgcc.a(_fixunssfsi.o) (__gesf2)
e:/1 ntfs/cse/imt/imt tools/sdk/imt_sdk_win_64/winavr/bin/../lib/gcc/avr/4.3.3/avr5\libgcc.a(_lt_sf.o)
                              ./7Segment.o (__ltsf2)
e:/1 ntfs/cse/imt/imt tools/sdk/imt_sdk_win_64/winavr/bin/../lib/gcc/avr/4.3.3/avr5\libgcc.a(_sf_to_si.o)
                              e:/1 ntfs/cse/imt/imt tools/sdk/imt_sdk_win_64/winavr/bin/../lib/gcc/avr/4.3.3/avr5\libgcc.a(_fixunssfsi.o) (__fixsfsi)
e:/1 ntfs/cse/imt/imt tools/sdk/imt_sdk_win_64/winavr/bin/../lib/gcc/avr/4.3.3/avr5\libgcc.a(_thenan_sf.o)
                              e:/1 ntfs/cse/imt/imt tools/sdk/imt_sdk_win_64/winavr/bin/../lib/gcc/avr/4.3.3/avr5\libgcc.a(_addsub_sf.o) (__thenan_sf)
e:/1 ntfs/cse/imt/imt tools/sdk/imt_sdk_win_64/winavr/bin/../lib/gcc/avr/4.3.3/avr5\libgcc.a(_usi_to_sf.o)
                              ./7Segment.o (__floatunsisf)
e:/1 ntfs/cse/imt/imt tools/sdk/imt_sdk_win_64/winavr/bin/../lib/gcc/avr/4.3.3/avr5\libgcc.a(_prologue.o)
                              e:/1 ntfs/cse/imt/imt tools/sdk/imt_sdk_win_64/winavr/bin/../lib/gcc/avr/4.3.3/avr5\libgcc.a(_addsub_sf.o) (__prologue_saves__)
e:/1 ntfs/cse/imt/imt tools/sdk/imt_sdk_win_64/winavr/bin/../lib/gcc/avr/4.3.3/avr5\libgcc.a(_epilogue.o)
                              e:/1 ntfs/cse/imt/imt tools/sdk/imt_sdk_win_64/winavr/bin/../lib/gcc/avr/4.3.3/avr5\libgcc.a(_addsub_sf.o) (__epilogue_restores__)
e:/1 ntfs/cse/imt/imt tools/sdk/imt_sdk_win_64/winavr/bin/../lib/gcc/avr/4.3.3/avr5\libgcc.a(_copy_data.o)
                              e:/1 ntfs/cse/imt/imt tools/sdk/imt_sdk_win_64/winavr/bin/../lib/gcc/avr/4.3.3/avr5\libgcc.a(_thenan_sf.o) (__do_copy_data)
e:/1 ntfs/cse/imt/imt tools/sdk/imt_sdk_win_64/winavr/bin/../lib/gcc/avr/4.3.3/avr5\libgcc.a(_clzsi2.o)
                              e:/1 ntfs/cse/imt/imt tools/sdk/imt_sdk_win_64/winavr/bin/../lib/gcc/avr/4.3.3/avr5\libgcc.a(_usi_to_sf.o) (__clzsi2)
e:/1 ntfs/cse/imt/imt tools/sdk/imt_sdk_win_64/winavr/bin/../lib/gcc/avr/4.3.3/avr5\libgcc.a(_pack_sf.o)
                              e:/1 ntfs/cse/imt/imt tools/sdk/imt_sdk_win_64/winavr/bin/../lib/gcc/avr/4.3.3/avr5\libgcc.a(_addsub_sf.o) (__pack_f)
e:/1 ntfs/cse/imt/imt tools/sdk/imt_sdk_win_64/winavr/bin/../lib/gcc/avr/4.3.3/avr5\libgcc.a(_unpack_sf.o)
                              e:/1 ntfs/cse/imt/imt tools/sdk/imt_sdk_win_64/winavr/bin/../lib/gcc/avr/4.3.3/avr5\libgcc.a(_addsub_sf.o) (__unpack_f)
e:/1 ntfs/cse/imt/imt tools/sdk/imt_sdk_win_64/winavr/bin/../lib/gcc/avr/4.3.3/avr5\libgcc.a(_fpcmp_parts_sf.o)
                              e:/1 ntfs/cse/imt/imt tools/sdk/imt_sdk_win_64/winavr/bin/../lib/gcc/avr/4.3.3/avr5\libgcc.a(_gt_sf.o) (__fpcmp_parts_f)
e:/1 ntfs/cse/imt/imt tools/sdk/imt_sdk_win_64/winavr/bin/../lib/gcc/avr/4.3.3/avr5\libgcc.a(_clz.o)
                              e:/1 ntfs/cse/imt/imt tools/sdk/imt_sdk_win_64/winavr/bin/../lib/gcc/avr/4.3.3/avr5\libgcc.a(_clzsi2.o) (__clz_tab)

Memory Configuration

Name             Origin             Length             Attributes
text             0x00000000         0x00020000         xr
data             0x00800060         0x0000ffa0         rw !x
eeprom           0x00810000         0x00010000         rw !x
fuse             0x00820000         0x00000400         rw !x
lock             0x00830000         0x00000400         rw !x
signature        0x00840000         0x00000400         rw !x
*default*        0x00000000         0xffffffff

Linker script and memory map

LOAD e:/1 ntfs/cse/imt/imt tools/sdk/imt_sdk_win_64/winavr/bin/../lib/gcc/avr/4.3.3/../../../../avr/lib/avr5/crtm32.o
LOAD ./7Segment.o
LOAD ./DIO.o
LOAD ./main.o
LOAD e:/1 ntfs/cse/imt/imt tools/sdk/imt_sdk_win_64/winavr/bin/../lib/gcc/avr/4.3.3/avr5\libgcc.a
LOAD e:/1 ntfs/cse/imt/imt tools/sdk/imt_sdk_win_64/winavr/bin/../lib/gcc/avr/4.3.3/../../../../avr/lib/avr5\libc.a
LOAD e:/1 ntfs/cse/imt/imt tools/sdk/imt_sdk_win_64/winavr/bin/../lib/gcc/avr/4.3.3/avr5\libgcc.a

.hash
 *(.hash)

.dynsym
 *(.dynsym)

.dynstr
 *(.dynstr)

.gnu.version
 *(.gnu.version)

.gnu.version_d
 *(.gnu.version_d)

.gnu.version_r
 *(.gnu.version_r)

.rel.init
 *(.rel.init)

.rela.init
 *(.rela.init)

.rel.text
 *(.rel.text)
 *(.rel.text.*)
 *(.rel.gnu.linkonce.t*)

.rela.text
 *(.rela.text)
 *(.rela.text.*)
 *(.rela.gnu.linkonce.t*)

.rel.fini
 *(.rel.fini)

.rela.fini
 *(.rela.fini)

.rel.rodata
 *(.rel.rodata)
 *(.rel.rodata.*)
 *(.rel.gnu.linkonce.r*)

.rela.rodata
 *(.rela.rodata)
 *(.rela.rodata.*)
 *(.rela.gnu.linkonce.r*)

.rel.data
 *(.rel.data)
 *(.rel.data.*)
 *(.rel.gnu.linkonce.d*)

.rela.data
 *(.rela.data)
 *(.rela.data.*)
 *(.rela.gnu.linkonce.d*)

.rel.ctors
 *(.rel.ctors)

.rela.ctors
 *(.rela.ctors)

.rel.dtors
 *(.rel.dtors)

.rela.dtors
 *(.rela.dtors)

.rel.got
 *(.rel.got)

.rela.got
 *(.rela.got)

.rel.bss
 *(.rel.bss)

.rela.bss
 *(.rela.bss)

.rel.plt
 *(.rel.plt)

.rela.plt
 *(.rela.plt)

.text           0x00000000     0x144c
 *(.vectors)
 .vectors       0x00000000       0x54 e:/1 ntfs/cse/imt/imt tools/sdk/imt_sdk_win_64/winavr/bin/../lib/gcc/avr/4.3.3/../../../../avr/lib/avr5/crtm32.o
                0x00000000                __vectors
                0x00000000                __vector_default
 *(.vectors)
 *(.progmem.gcc*)
 *(.progmem*)
                0x00000054                . = ALIGN (0x2)
                0x00000054                __trampolines_start = .
 *(.trampolines)
 .trampolines   0x00000054        0x0 linker stubs
 *(.trampolines*)
                0x00000054                __trampolines_end = .
 *(.jumptables)
 *(.jumptables*)
 *(.lowtext)
 *(.lowtext*)
                0x00000054                __ctors_start = .
 *(.ctors)
                0x00000054                __ctors_end = .
                0x00000054                __dtors_start = .
 *(.dtors)
                0x00000054                __dtors_end = .
 SORT(*)(.ctors)
 SORT(*)(.dtors)
 *(.init0)
 .init0         0x00000054        0x0 e:/1 ntfs/cse/imt/imt tools/sdk/imt_sdk_win_64/winavr/bin/../lib/gcc/avr/4.3.3/../../../../avr/lib/avr5/crtm32.o
                0x00000054                __init
 *(.init0)
 *(.init1)
 *(.init1)
 *(.init2)
 .init2         0x00000054        0xc e:/1 ntfs/cse/imt/imt tools/sdk/imt_sdk_win_64/winavr/bin/../lib/gcc/avr/4.3.3/../../../../avr/lib/avr5/crtm32.o
 *(.init2)
 *(.init3)
 *(.init3)
 *(.init4)
 .init4         0x00000060       0x16 e:/1 ntfs/cse/imt/imt tools/sdk/imt_sdk_win_64/winavr/bin/../lib/gcc/avr/4.3.3/avr5\libgcc.a(_copy_data.o)
                0x00000060                __do_copy_data
 *(.init4)
 *(.init5)
 *(.init5)
 *(.init6)
 *(.init6)
 *(.init7)
 *(.init7)
 *(.init8)
 *(.init8)
 *(.init9)
 .init9         0x00000076        0x8 e:/1 ntfs/cse/imt/imt tools/sdk/imt_sdk_win_64/winavr/bin/../lib/gcc/avr/4.3.3/../../../../avr/lib/avr5/crtm32.o
 *(.init9)
 *(.text)
 .text          0x0000007e        0x4 e:/1 ntfs/cse/imt/imt tools/sdk/imt_sdk_win_64/winavr/bin/../lib/gcc/avr/4.3.3/../../../../avr/lib/avr5/crtm32.o
                0x0000007e                __vector_1
                0x0000007e                __vector_12
                0x0000007e                __bad_interrupt
                0x0000007e                __vector_6
                0x0000007e                __vector_3
                0x0000007e                __vector_11
                0x0000007e                __vector_13
                0x0000007e                __vector_17
                0x0000007e                __vector_19
                0x0000007e                __vector_7
                0x0000007e                __vector_5
                0x0000007e                __vector_4
                0x0000007e                __vector_9
                0x0000007e                __vector_2
                0x0000007e                __vector_15
                0x0000007e                __vector_8
                0x0000007e                __vector_14
                0x0000007e                __vector_10
                0x0000007e                __vector_16
                0x0000007e                __vector_18
                0x0000007e                __vector_20
 .text          0x00000082        0x0 ./7Segment.o
 .text          0x00000082        0x0 ./DIO.o
 .text          0x00000082        0x0 ./main.o
 .text          0x00000082        0x0 e:/1 ntfs/cse/imt/imt tools/sdk/imt_sdk_win_64/winavr/bin/../lib/gcc/avr/4.3.3/avr5\libgcc.a(_exit.o)
 .text          0x00000082       0x58 e:/1 ntfs/cse/imt/imt tools/sdk/imt_sdk_win_64/winavr/bin/../lib/gcc/avr/4.3.3/avr5\libgcc.a(_fixunssfsi.o)
                0x00000082                __fixunssfsi
 .text          0x000000da      0x354 e:/1 ntfs/cse/imt/imt tools/sdk/imt_sdk_win_64/winavr/bin/../lib/gcc/avr/4.3.3/avr5\libgcc.a(_addsub_sf.o)
                0x00000372                __subsf3
                0x000003d4                __addsf3
 .text          0x0000042e      0x1f4 e:/1 ntfs/cse/imt/imt tools/sdk/imt_sdk_win_64/winavr/bin/../lib/gcc/avr/4.3.3/avr5\libgcc.a(_mul_sf.o)
                0x0000042e                __mulsf3
 .text          0x00000622       0x60 e:/1 ntfs/cse/imt/imt tools/sdk/imt_sdk_win_64/winavr/bin/../lib/gcc/avr/4.3.3/avr5\libgcc.a(_gt_sf.o)
                0x00000622                __gtsf2
 .text          0x00000682       0x60 e:/1 ntfs/cse/imt/imt tools/sdk/imt_sdk_win_64/winavr/bin/../lib/gcc/avr/4.3.3/avr5\libgcc.a(_ge_sf.o)
                0x00000682                __gesf2
 .text          0x000006e2       0x60 e:/1 ntfs/cse/imt/imt tools/sdk/imt_sdk_win_64/winavr/bin/../lib/gcc/avr/4.3.3/avr5\libgcc.a(_lt_sf.o)
                0x000006e2                __ltsf2
 .text          0x00000742       0xa8 e:/1 ntfs/cse/imt/imt tools/sdk/imt_sdk_win_64/winavr/bin/../lib/gcc/avr/4.3.3/avr5\libgcc.a(_sf_to_si.o)
                0x00000742                __fixsfsi
 .text          0x000007ea        0x0 e:/1 ntfs/cse/imt/imt tools/sdk/imt_sdk_win_64/winavr/bin/../lib/gcc/avr/4.3.3/avr5\libgcc.a(_thenan_sf.o)
 .text          0x000007ea       0xf2 e:/1 ntfs/cse/imt/imt tools/sdk/imt_sdk_win_64/winavr/bin/../lib/gcc/avr/4.3.3/avr5\libgcc.a(_usi_to_sf.o)
                0x000007ea                __floatunsisf
 .text          0x000008dc        0x0 e:/1 ntfs/cse/imt/imt tools/sdk/imt_sdk_win_64/winavr/bin/../lib/gcc/avr/4.3.3/avr5\libgcc.a(_prologue.o)
 .text          0x000008dc        0x0 e:/1 ntfs/cse/imt/imt tools/sdk/imt_sdk_win_64/winavr/bin/../lib/gcc/avr/4.3.3/avr5\libgcc.a(_epilogue.o)
 .text          0x000008dc        0x0 e:/1 ntfs/cse/imt/imt tools/sdk/imt_sdk_win_64/winavr/bin/../lib/gcc/avr/4.3.3/avr5\libgcc.a(_copy_data.o)
 .text          0x000008dc       0x9e e:/1 ntfs/cse/imt/imt tools/sdk/imt_sdk_win_64/winavr/bin/../lib/gcc/avr/4.3.3/avr5\libgcc.a(_clzsi2.o)
                0x000008dc                __clzsi2
 .text          0x0000097a      0x1aa e:/1 ntfs/cse/imt/imt tools/sdk/imt_sdk_win_64/winavr/bin/../lib/gcc/avr/4.3.3/avr5\libgcc.a(_pack_sf.o)
                0x0000097a                __pack_f
 .text          0x00000b24       0xf0 e:/1 ntfs/cse/imt/imt tools/sdk/imt_sdk_win_64/winavr/bin/../lib/gcc/avr/4.3.3/avr5\libgcc.a(_unpack_sf.o)
                0x00000b24                __unpack_f
 .text          0x00000c14       0xb2 e:/1 ntfs/cse/imt/imt tools/sdk/imt_sdk_win_64/winavr/bin/../lib/gcc/avr/4.3.3/avr5\libgcc.a(_fpcmp_parts_sf.o)
                0x00000c14                __fpcmp_parts_f
 .text          0x00000cc6        0x0 e:/1 ntfs/cse/imt/imt tools/sdk/imt_sdk_win_64/winavr/bin/../lib/gcc/avr/4.3.3/avr5\libgcc.a(_clz.o)
                0x00000cc6                . = ALIGN (0x2)
 *(.text.*)
 .text.Display_Number
                0x00000cc6      0x1aa ./7Segment.o
                0x00000cc6                Display_Number
 .text.Count_Up
                0x00000e70      0x12c ./7Segment.o
                0x00000e70                Count_Up
 .text.Count_Down
                0x00000f9c      0x132 ./7Segment.o
                0x00000f9c                Count_Down
 .text.Seven_Segment_Init
                0x000010ce       0x12 ./7Segment.o
                0x000010ce                Seven_Segment_Init
 .text.SetPinValue
                0x000010e0       0xf4 ./DIO.o
                0x000010e0                SetPinValue
 .text.SetPinMode
                0x000011d4       0xf4 ./DIO.o
                0x000011d4                SetPinMode
 .text.SetPortValue
                0x000012c8       0x58 ./DIO.o
                0x000012c8                SetPortValue
 .text.SetPortMode
                0x00001320       0x58 ./DIO.o
                0x00001320                SetPortMode
 .text.GetPinValue
                0x00001378       0x48 ./DIO.o
                0x00001378                GetPinValue
 .text.main     0x000013c0       0x1a ./main.o
                0x000013c0                main
 .text.libgcc   0x000013da        0x0 e:/1 ntfs/cse/imt/imt tools/sdk/imt_sdk_win_64/winavr/bin/../lib/gcc/avr/4.3.3/avr5\libgcc.a(_exit.o)
 .text.libgcc   0x000013da       0x38 e:/1 ntfs/cse/imt/imt tools/sdk/imt_sdk_win_64/winavr/bin/../lib/gcc/avr/4.3.3/avr5\libgcc.a(_prologue.o)
                0x000013da                __prologue_saves__
 .text.libgcc   0x00001412       0x36 e:/1 ntfs/cse/imt/imt tools/sdk/imt_sdk_win_64/winavr/bin/../lib/gcc/avr/4.3.3/avr5\libgcc.a(_epilogue.o)
                0x00001412                __epilogue_restores__
 .text.libgcc   0x00001448        0x0 e:/1 ntfs/cse/imt/imt tools/sdk/imt_sdk_win_64/winavr/bin/../lib/gcc/avr/4.3.3/avr5\libgcc.a(_copy_data.o)
                0x00001448                . = ALIGN (0x2)
 *(.fini9)
 .fini9         0x00001448        0x0 e:/1 ntfs/cse/imt/imt tools/sdk/imt_sdk_win_64/winavr/bin/../lib/gcc/avr/4.3.3/avr5\libgcc.a(_exit.o)
                0x00001448                exit
                0x00001448                _exit
 *(.fini9)
 *(.fini8)
 *(.fini8)
 *(.fini7)
 *(.fini7)
 *(.fini6)
 *(.fini6)
 *(.fini5)
 *(.fini5)
 *(.fini4)
 *(.fini4)
 *(.fini3)
 *(.fini3)
 *(.fini2)
 *(.fini2)
 *(.fini1)
 *(.fini1)
 *(.fini0)
 .fini0         0x00001448        0x4 e:/1 ntfs/cse/imt/imt tools/sdk/imt_sdk_win_64/winavr/bin/../lib/gcc/avr/4.3.3/avr5\libgcc.a(_exit.o)
 *(.fini0)
                0x0000144c                _etext = .

.data           0x00800060      0x108 load address 0x0000144c
                0x00800060                PROVIDE (__data_start, .)
 *(.data)
 .data          0x00800060        0x0 e:/1 ntfs/cse/imt/imt tools/sdk/imt_sdk_win_64/winavr/bin/../lib/gcc/avr/4.3.3/../../../../avr/lib/avr5/crtm32.o
 .data          0x00800060        0x0 ./7Segment.o
 .data          0x00800060        0x0 ./DIO.o
 .data          0x00800060        0x0 ./main.o
 .data          0x00800060        0x0 e:/1 ntfs/cse/imt/imt tools/sdk/imt_sdk_win_64/winavr/bin/../lib/gcc/avr/4.3.3/avr5\libgcc.a(_exit.o)
 .data          0x00800060        0x0 e:/1 ntfs/cse/imt/imt tools/sdk/imt_sdk_win_64/winavr/bin/../lib/gcc/avr/4.3.3/avr5\libgcc.a(_fixunssfsi.o)
 .data          0x00800060        0x0 e:/1 ntfs/cse/imt/imt tools/sdk/imt_sdk_win_64/winavr/bin/../lib/gcc/avr/4.3.3/avr5\libgcc.a(_addsub_sf.o)
 .data          0x00800060        0x0 e:/1 ntfs/cse/imt/imt tools/sdk/imt_sdk_win_64/winavr/bin/../lib/gcc/avr/4.3.3/avr5\libgcc.a(_mul_sf.o)
 .data          0x00800060        0x0 e:/1 ntfs/cse/imt/imt tools/sdk/imt_sdk_win_64/winavr/bin/../lib/gcc/avr/4.3.3/avr5\libgcc.a(_gt_sf.o)
 .data          0x00800060        0x0 e:/1 ntfs/cse/imt/imt tools/sdk/imt_sdk_win_64/winavr/bin/../lib/gcc/avr/4.3.3/avr5\libgcc.a(_ge_sf.o)
 .data          0x00800060        0x0 e:/1 ntfs/cse/imt/imt tools/sdk/imt_sdk_win_64/winavr/bin/../lib/gcc/avr/4.3.3/avr5\libgcc.a(_lt_sf.o)
 .data          0x00800060        0x0 e:/1 ntfs/cse/imt/imt tools/sdk/imt_sdk_win_64/winavr/bin/../lib/gcc/avr/4.3.3/avr5\libgcc.a(_sf_to_si.o)
 .data          0x00800060        0x8 e:/1 ntfs/cse/imt/imt tools/sdk/imt_sdk_win_64/winavr/bin/../lib/gcc/avr/4.3.3/avr5\libgcc.a(_thenan_sf.o)
                0x00800060                __thenan_sf
 .data          0x00800068        0x0 e:/1 ntfs/cse/imt/imt tools/sdk/imt_sdk_win_64/winavr/bin/../lib/gcc/avr/4.3.3/avr5\libgcc.a(_usi_to_sf.o)
 .data          0x00800068        0x0 e:/1 ntfs/cse/imt/imt tools/sdk/imt_sdk_win_64/winavr/bin/../lib/gcc/avr/4.3.3/avr5\libgcc.a(_prologue.o)
 .data          0x00800068        0x0 e:/1 ntfs/cse/imt/imt tools/sdk/imt_sdk_win_64/winavr/bin/../lib/gcc/avr/4.3.3/avr5\libgcc.a(_epilogue.o)
 .data          0x00800068        0x0 e:/1 ntfs/cse/imt/imt tools/sdk/imt_sdk_win_64/winavr/bin/../lib/gcc/avr/4.3.3/avr5\libgcc.a(_copy_data.o)
 .data          0x00800068        0x0 e:/1 ntfs/cse/imt/imt tools/sdk/imt_sdk_win_64/winavr/bin/../lib/gcc/avr/4.3.3/avr5\libgcc.a(_clzsi2.o)
 .data          0x00800068        0x0 e:/1 ntfs/cse/imt/imt tools/sdk/imt_sdk_win_64/winavr/bin/../lib/gcc/avr/4.3.3/avr5\libgcc.a(_pack_sf.o)
 .data          0x00800068        0x0 e:/1 ntfs/cse/imt/imt tools/sdk/imt_sdk_win_64/winavr/bin/../lib/gcc/avr/4.3.3/avr5\libgcc.a(_unpack_sf.o)
 .data          0x00800068        0x0 e:/1 ntfs/cse/imt/imt tools/sdk/imt_sdk_win_64/winavr/bin/../lib/gcc/avr/4.3.3/avr5\libgcc.a(_fpcmp_parts_sf.o)
 .data          0x00800068      0x100 e:/1 ntfs/cse/imt/imt tools/sdk/imt_sdk_win_64/winavr/bin/../lib/gcc/avr/4.3.3/avr5\libgcc.a(_clz.o)
                0x00800068                __clz_tab
 *(.data*)
 *(.rodata)
 *(.rodata*)
 *(.gnu.linkonce.d*)
                0x00800168                . = ALIGN (0x2)
                0x00800168                _edata = .
                0x00800168                PROVIDE (__data_end, .)

.bss            0x00800168        0x0
                0x00800168                PROVIDE (__bss_start, .)
 *(.bss)
 .bss           0x00800168        0x0 e:/1 ntfs/cse/imt/imt tools/sdk/imt_sdk_win_64/winavr/bin/../lib/gcc/avr/4.3.3/../../../../avr/lib/avr5/crtm32.o
 .bss           0x00800168        0x0 ./7Segment.o
 .bss           0x00800168        0x0 ./DIO.o
 .bss           0x00800168        0x0 ./main.o
 .bss           0x00800168        0x0 e:/1 ntfs/cse/imt/imt tools/sdk/imt_sdk_win_64/winavr/bin/../lib/gcc/avr/4.3.3/avr5\libgcc.a(_exit.o)
 .bss           0x00800168        0x0 e:/1 ntfs/cse/imt/imt tools/sdk/imt_sdk_win_64/winavr/bin/../lib/gcc/avr/4.3.3/avr5\libgcc.a(_fixunssfsi.o)
 .bss           0x00800168        0x0 e:/1 ntfs/cse/imt/imt tools/sdk/imt_sdk_win_64/winavr/bin/../lib/gcc/avr/4.3.3/avr5\libgcc.a(_addsub_sf.o)
 .bss           0x00800168        0x0 e:/1 ntfs/cse/imt/imt tools/sdk/imt_sdk_win_64/winavr/bin/../lib/gcc/avr/4.3.3/avr5\libgcc.a(_mul_sf.o)
 .bss           0x00800168        0x0 e:/1 ntfs/cse/imt/imt tools/sdk/imt_sdk_win_64/winavr/bin/../lib/gcc/avr/4.3.3/avr5\libgcc.a(_gt_sf.o)
 .bss           0x00800168        0x0 e:/1 ntfs/cse/imt/imt tools/sdk/imt_sdk_win_64/winavr/bin/../lib/gcc/avr/4.3.3/avr5\libgcc.a(_ge_sf.o)
 .bss           0x00800168        0x0 e:/1 ntfs/cse/imt/imt tools/sdk/imt_sdk_win_64/winavr/bin/../lib/gcc/avr/4.3.3/avr5\libgcc.a(_lt_sf.o)
 .bss           0x00800168        0x0 e:/1 ntfs/cse/imt/imt tools/sdk/imt_sdk_win_64/winavr/bin/../lib/gcc/avr/4.3.3/avr5\libgcc.a(_sf_to_si.o)
 .bss           0x00800168        0x0 e:/1 ntfs/cse/imt/imt tools/sdk/imt_sdk_win_64/winavr/bin/../lib/gcc/avr/4.3.3/avr5\libgcc.a(_thenan_sf.o)
 .bss           0x00800168        0x0 e:/1 ntfs/cse/imt/imt tools/sdk/imt_sdk_win_64/winavr/bin/../lib/gcc/avr/4.3.3/avr5\libgcc.a(_usi_to_sf.o)
 .bss           0x00800168        0x0 e:/1 ntfs/cse/imt/imt tools/sdk/imt_sdk_win_64/winavr/bin/../lib/gcc/avr/4.3.3/avr5\libgcc.a(_prologue.o)
 .bss           0x00800168        0x0 e:/1 ntfs/cse/imt/imt tools/sdk/imt_sdk_win_64/winavr/bin/../lib/gcc/avr/4.3.3/avr5\libgcc.a(_epilogue.o)
 .bss           0x00800168        0x0 e:/1 ntfs/cse/imt/imt tools/sdk/imt_sdk_win_64/winavr/bin/../lib/gcc/avr/4.3.3/avr5\libgcc.a(_copy_data.o)
 .bss           0x00800168        0x0 e:/1 ntfs/cse/imt/imt tools/sdk/imt_sdk_win_64/winavr/bin/../lib/gcc/avr/4.3.3/avr5\libgcc.a(_clzsi2.o)
 .bss           0x00800168        0x0 e:/1 ntfs/cse/imt/imt tools/sdk/imt_sdk_win_64/winavr/bin/../lib/gcc/avr/4.3.3/avr5\libgcc.a(_pack_sf.o)
 .bss           0x00800168        0x0 e:/1 ntfs/cse/imt/imt tools/sdk/imt_sdk_win_64/winavr/bin/../lib/gcc/avr/4.3.3/avr5\libgcc.a(_unpack_sf.o)
 .bss           0x00800168        0x0 e:/1 ntfs/cse/imt/imt tools/sdk/imt_sdk_win_64/winavr/bin/../lib/gcc/avr/4.3.3/avr5\libgcc.a(_fpcmp_parts_sf.o)
 .bss           0x00800168        0x0 e:/1 ntfs/cse/imt/imt tools/sdk/imt_sdk_win_64/winavr/bin/../lib/gcc/avr/4.3.3/avr5\libgcc.a(_clz.o)
 *(.bss*)
 *(COMMON)
                0x00800168                PROVIDE (__bss_end, .)
                0x0000144c                __data_load_start = LOADADDR (.data)
                0x00001554                __data_load_end = (__data_load_start + SIZEOF (.data))

.noinit         0x00800168        0x0
                0x00800168                PROVIDE (__noinit_start, .)
 *(.noinit*)
                0x00800168                PROVIDE (__noinit_end, .)
                0x00800168                _end = .
                0x00800168                PROVIDE (__heap_start, .)

.eeprom         0x00810000        0x0
 *(.eeprom*)
                0x00810000                __eeprom_end = .

.fuse
 *(.fuse)
 *(.lfuse)
 *(.hfuse)
 *(.efuse)

.lock
 *(.lock*)

.signature
 *(.signature*)

.stab
 *(.stab)

.stabstr
 *(.stabstr)

.stab.excl
 *(.stab.excl)

.stab.exclstr
 *(.stab.exclstr)

.stab.index
 *(.stab.index)

.stab.indexstr
 *(.stab.indexstr)

.comment
 *(.comment)

.debug
 *(.debug)

.line
 *(.line)

.debug_srcinfo
 *(.debug_srcinfo)

.debug_sfnames
 *(.debug_sfnames)

.debug_aranges  0x00000000      0x180
 *(.debug_aranges)
 .debug_aranges
                0x00000000       0x20 e:/1 ntfs/cse/imt/imt tools/sdk/imt_sdk_win_64/winavr/bin/../lib/gcc/avr/4.3.3/avr5\libgcc.a(_fixunssfsi.o)
 .debug_aranges
                0x00000020       0x20 e:/1 ntfs/cse/imt/imt tools/sdk/imt_sdk_win_64/winavr/bin/../lib/gcc/avr/4.3.3/avr5\libgcc.a(_addsub_sf.o)
 .debug_aranges
                0x00000040       0x20 e:/1 ntfs/cse/imt/imt tools/sdk/imt_sdk_win_64/winavr/bin/../lib/gcc/avr/4.3.3/avr5\libgcc.a(_mul_sf.o)
 .debug_aranges
                0x00000060       0x20 e:/1 ntfs/cse/imt/imt tools/sdk/imt_sdk_win_64/winavr/bin/../lib/gcc/avr/4.3.3/avr5\libgcc.a(_gt_sf.o)
 .debug_aranges
                0x00000080       0x20 e:/1 ntfs/cse/imt/imt tools/sdk/imt_sdk_win_64/winavr/bin/../lib/gcc/avr/4.3.3/avr5\libgcc.a(_ge_sf.o)
 .debug_aranges
                0x000000a0       0x20 e:/1 ntfs/cse/imt/imt tools/sdk/imt_sdk_win_64/winavr/bin/../lib/gcc/avr/4.3.3/avr5\libgcc.a(_lt_sf.o)
 .debug_aranges
                0x000000c0       0x20 e:/1 ntfs/cse/imt/imt tools/sdk/imt_sdk_win_64/winavr/bin/../lib/gcc/avr/4.3.3/avr5\libgcc.a(_sf_to_si.o)
 .debug_aranges
                0x000000e0       0x20 e:/1 ntfs/cse/imt/imt tools/sdk/imt_sdk_win_64/winavr/bin/../lib/gcc/avr/4.3.3/avr5\libgcc.a(_usi_to_sf.o)
 .debug_aranges
                0x00000100       0x20 e:/1 ntfs/cse/imt/imt tools/sdk/imt_sdk_win_64/winavr/bin/../lib/gcc/avr/4.3.3/avr5\libgcc.a(_clzsi2.o)
 .debug_aranges
                0x00000120       0x20 e:/1 ntfs/cse/imt/imt tools/sdk/imt_sdk_win_64/winavr/bin/../lib/gcc/avr/4.3.3/avr5\libgcc.a(_pack_sf.o)
 .debug_aranges
                0x00000140       0x20 e:/1 ntfs/cse/imt/imt tools/sdk/imt_sdk_win_64/winavr/bin/../lib/gcc/avr/4.3.3/avr5\libgcc.a(_unpack_sf.o)
 .debug_aranges
                0x00000160       0x20 e:/1 ntfs/cse/imt/imt tools/sdk/imt_sdk_win_64/winavr/bin/../lib/gcc/avr/4.3.3/avr5\libgcc.a(_fpcmp_parts_sf.o)

.debug_pubnames
                0x00000000      0x1d3
 *(.debug_pubnames)
 .debug_pubnames
                0x00000000       0x23 e:/1 ntfs/cse/imt/imt tools/sdk/imt_sdk_win_64/winavr/bin/../lib/gcc/avr/4.3.3/avr5\libgcc.a(_fixunssfsi.o)
 .debug_pubnames
                0x00000023       0x2c e:/1 ntfs/cse/imt/imt tools/sdk/imt_sdk_win_64/winavr/bin/../lib/gcc/avr/4.3.3/avr5\libgcc.a(_addsub_sf.o)
 .debug_pubnames
                0x0000004f       0x1f e:/1 ntfs/cse/imt/imt tools/sdk/imt_sdk_win_64/winavr/bin/../lib/gcc/avr/4.3.3/avr5\libgcc.a(_mul_sf.o)
 .debug_pubnames
                0x0000006e       0x1e e:/1 ntfs/cse/imt/imt tools/sdk/imt_sdk_win_64/winavr/bin/../lib/gcc/avr/4.3.3/avr5\libgcc.a(_gt_sf.o)
 .debug_pubnames
                0x0000008c       0x1e e:/1 ntfs/cse/imt/imt tools/sdk/imt_sdk_win_64/winavr/bin/../lib/gcc/avr/4.3.3/avr5\libgcc.a(_ge_sf.o)
 .debug_pubnames
                0x000000aa       0x1e e:/1 ntfs/cse/imt/imt tools/sdk/imt_sdk_win_64/winavr/bin/../lib/gcc/avr/4.3.3/avr5\libgcc.a(_lt_sf.o)
 .debug_pubnames
                0x000000c8       0x20 e:/1 ntfs/cse/imt/imt tools/sdk/imt_sdk_win_64/winavr/bin/../lib/gcc/avr/4.3.3/avr5\libgcc.a(_sf_to_si.o)
 .debug_pubnames
                0x000000e8       0x22 e:/1 ntfs/cse/imt/imt tools/sdk/imt_sdk_win_64/winavr/bin/../lib/gcc/avr/4.3.3/avr5\libgcc.a(_thenan_sf.o)
 .debug_pubnames
                0x0000010a       0x24 e:/1 ntfs/cse/imt/imt tools/sdk/imt_sdk_win_64/winavr/bin/../lib/gcc/avr/4.3.3/avr5\libgcc.a(_usi_to_sf.o)
 .debug_pubnames
                0x0000012e       0x1f e:/1 ntfs/cse/imt/imt tools/sdk/imt_sdk_win_64/winavr/bin/../lib/gcc/avr/4.3.3/avr5\libgcc.a(_clzsi2.o)
 .debug_pubnames
                0x0000014d       0x1f e:/1 ntfs/cse/imt/imt tools/sdk/imt_sdk_win_64/winavr/bin/../lib/gcc/avr/4.3.3/avr5\libgcc.a(_pack_sf.o)
 .debug_pubnames
                0x0000016c       0x21 e:/1 ntfs/cse/imt/imt tools/sdk/imt_sdk_win_64/winavr/bin/../lib/gcc/avr/4.3.3/avr5\libgcc.a(_unpack_sf.o)
 .debug_pubnames
                0x0000018d       0x26 e:/1 ntfs/cse/imt/imt tools/sdk/imt_sdk_win_64/winavr/bin/../lib/gcc/avr/4.3.3/avr5\libgcc.a(_fpcmp_parts_sf.o)
 .debug_pubnames
                0x000001b3       0x20 e:/1 ntfs/cse/imt/imt tools/sdk/imt_sdk_win_64/winavr/bin/../lib/gcc/avr/4.3.3/avr5\libgcc.a(_clz.o)

.debug_info     0x00000000     0x200f
 *(.debug_info)
 .debug_info    0x00000000       0xb1 e:/1 ntfs/cse/imt/imt tools/sdk/imt_sdk_win_64/winavr/bin/../lib/gcc/avr/4.3.3/avr5\libgcc.a(_fixunssfsi.o)
 .debug_info    0x000000b1      0x47a e:/1 ntfs/cse/imt/imt tools/sdk/imt_sdk_win_64/winavr/bin/../lib/gcc/avr/4.3.3/avr5\libgcc.a(_addsub_sf.o)
 .debug_info    0x0000052b      0x485 e:/1 ntfs/cse/imt/imt tools/sdk/imt_sdk_win_64/winavr/bin/../lib/gcc/avr/4.3.3/avr5\libgcc.a(_mul_sf.o)
 .debug_info    0x000009b0      0x27f e:/1 ntfs/cse/imt/imt tools/sdk/imt_sdk_win_64/winavr/bin/../lib/gcc/avr/4.3.3/avr5\libgcc.a(_gt_sf.o)
 .debug_info    0x00000c2f      0x27f e:/1 ntfs/cse/imt/imt tools/sdk/imt_sdk_win_64/winavr/bin/../lib/gcc/avr/4.3.3/avr5\libgcc.a(_ge_sf.o)
 .debug_info    0x00000eae      0x27f e:/1 ntfs/cse/imt/imt tools/sdk/imt_sdk_win_64/winavr/bin/../lib/gcc/avr/4.3.3/avr5\libgcc.a(_lt_sf.o)
 .debug_info    0x0000112d      0x2b0 e:/1 ntfs/cse/imt/imt tools/sdk/imt_sdk_win_64/winavr/bin/../lib/gcc/avr/4.3.3/avr5\libgcc.a(_sf_to_si.o)
 .debug_info    0x000013dd      0x12c e:/1 ntfs/cse/imt/imt tools/sdk/imt_sdk_win_64/winavr/bin/../lib/gcc/avr/4.3.3/avr5\libgcc.a(_thenan_sf.o)
 .debug_info    0x00001509      0x206 e:/1 ntfs/cse/imt/imt tools/sdk/imt_sdk_win_64/winavr/bin/../lib/gcc/avr/4.3.3/avr5\libgcc.a(_usi_to_sf.o)
 .debug_info    0x0000170f      0x117 e:/1 ntfs/cse/imt/imt tools/sdk/imt_sdk_win_64/winavr/bin/../lib/gcc/avr/4.3.3/avr5\libgcc.a(_clzsi2.o)
 .debug_info    0x00001826      0x2df e:/1 ntfs/cse/imt/imt tools/sdk/imt_sdk_win_64/winavr/bin/../lib/gcc/avr/4.3.3/avr5\libgcc.a(_pack_sf.o)
 .debug_info    0x00001b05      0x251 e:/1 ntfs/cse/imt/imt tools/sdk/imt_sdk_win_64/winavr/bin/../lib/gcc/avr/4.3.3/avr5\libgcc.a(_unpack_sf.o)
 .debug_info    0x00001d56      0x210 e:/1 ntfs/cse/imt/imt tools/sdk/imt_sdk_win_64/winavr/bin/../lib/gcc/avr/4.3.3/avr5\libgcc.a(_fpcmp_parts_sf.o)
 .debug_info    0x00001f66       0xa9 e:/1 ntfs/cse/imt/imt tools/sdk/imt_sdk_win_64/winavr/bin/../lib/gcc/avr/4.3.3/avr5\libgcc.a(_clz.o)
 *(.gnu.linkonce.wi.*)

.debug_abbrev   0x00000000     0x1170
 *(.debug_abbrev)
 .debug_abbrev  0x00000000       0x5d e:/1 ntfs/cse/imt/imt tools/sdk/imt_sdk_win_64/winavr/bin/../lib/gcc/avr/4.3.3/avr5\libgcc.a(_fixunssfsi.o)
 .debug_abbrev  0x0000005d      0x1ea e:/1 ntfs/cse/imt/imt tools/sdk/imt_sdk_win_64/winavr/bin/../lib/gcc/avr/4.3.3/avr5\libgcc.a(_addsub_sf.o)
 .debug_abbrev  0x00000247      0x21b e:/1 ntfs/cse/imt/imt tools/sdk/imt_sdk_win_64/winavr/bin/../lib/gcc/avr/4.3.3/avr5\libgcc.a(_mul_sf.o)
 .debug_abbrev  0x00000462      0x15a e:/1 ntfs/cse/imt/imt tools/sdk/imt_sdk_win_64/winavr/bin/../lib/gcc/avr/4.3.3/avr5\libgcc.a(_gt_sf.o)
 .debug_abbrev  0x000005bc      0x15a e:/1 ntfs/cse/imt/imt tools/sdk/imt_sdk_win_64/winavr/bin/../lib/gcc/avr/4.3.3/avr5\libgcc.a(_ge_sf.o)
 .debug_abbrev  0x00000716      0x15a e:/1 ntfs/cse/imt/imt tools/sdk/imt_sdk_win_64/winavr/bin/../lib/gcc/avr/4.3.3/avr5\libgcc.a(_lt_sf.o)
 .debug_abbrev  0x00000870      0x17f e:/1 ntfs/cse/imt/imt tools/sdk/imt_sdk_win_64/winavr/bin/../lib/gcc/avr/4.3.3/avr5\libgcc.a(_sf_to_si.o)
 .debug_abbrev  0x000009ef       0xad e:/1 ntfs/cse/imt/imt tools/sdk/imt_sdk_win_64/winavr/bin/../lib/gcc/avr/4.3.3/avr5\libgcc.a(_thenan_sf.o)
 .debug_abbrev  0x00000a9c      0x157 e:/1 ntfs/cse/imt/imt tools/sdk/imt_sdk_win_64/winavr/bin/../lib/gcc/avr/4.3.3/avr5\libgcc.a(_usi_to_sf.o)
 .debug_abbrev  0x00000bf3       0xc4 e:/1 ntfs/cse/imt/imt tools/sdk/imt_sdk_win_64/winavr/bin/../lib/gcc/avr/4.3.3/avr5\libgcc.a(_clzsi2.o)
 .debug_abbrev  0x00000cb7      0x1c0 e:/1 ntfs/cse/imt/imt tools/sdk/imt_sdk_win_64/winavr/bin/../lib/gcc/avr/4.3.3/avr5\libgcc.a(_pack_sf.o)
 .debug_abbrev  0x00000e77      0x154 e:/1 ntfs/cse/imt/imt tools/sdk/imt_sdk_win_64/winavr/bin/../lib/gcc/avr/4.3.3/avr5\libgcc.a(_unpack_sf.o)
 .debug_abbrev  0x00000fcb      0x13b e:/1 ntfs/cse/imt/imt tools/sdk/imt_sdk_win_64/winavr/bin/../lib/gcc/avr/4.3.3/avr5\libgcc.a(_fpcmp_parts_sf.o)
 .debug_abbrev  0x00001106       0x6a e:/1 ntfs/cse/imt/imt tools/sdk/imt_sdk_win_64/winavr/bin/../lib/gcc/avr/4.3.3/avr5\libgcc.a(_clz.o)

.debug_line     0x00000000     0x1001
 *(.debug_line)
 .debug_line    0x00000000       0xa7 e:/1 ntfs/cse/imt/imt tools/sdk/imt_sdk_win_64/winavr/bin/../lib/gcc/avr/4.3.3/avr5\libgcc.a(_fixunssfsi.o)
 .debug_line    0x000000a7      0x2af e:/1 ntfs/cse/imt/imt tools/sdk/imt_sdk_win_64/winavr/bin/../lib/gcc/avr/4.3.3/avr5\libgcc.a(_addsub_sf.o)
 .debug_line    0x00000356      0x239 e:/1 ntfs/cse/imt/imt tools/sdk/imt_sdk_win_64/winavr/bin/../lib/gcc/avr/4.3.3/avr5\libgcc.a(_mul_sf.o)
 .debug_line    0x0000058f       0xd3 e:/1 ntfs/cse/imt/imt tools/sdk/imt_sdk_win_64/winavr/bin/../lib/gcc/avr/4.3.3/avr5\libgcc.a(_gt_sf.o)
 .debug_line    0x00000662       0xd3 e:/1 ntfs/cse/imt/imt tools/sdk/imt_sdk_win_64/winavr/bin/../lib/gcc/avr/4.3.3/avr5\libgcc.a(_ge_sf.o)
 .debug_line    0x00000735       0xd3 e:/1 ntfs/cse/imt/imt tools/sdk/imt_sdk_win_64/winavr/bin/../lib/gcc/avr/4.3.3/avr5\libgcc.a(_lt_sf.o)
 .debug_line    0x00000808      0x109 e:/1 ntfs/cse/imt/imt tools/sdk/imt_sdk_win_64/winavr/bin/../lib/gcc/avr/4.3.3/avr5\libgcc.a(_sf_to_si.o)
 .debug_line    0x00000911       0x90 e:/1 ntfs/cse/imt/imt tools/sdk/imt_sdk_win_64/winavr/bin/../lib/gcc/avr/4.3.3/avr5\libgcc.a(_thenan_sf.o)
 .debug_line    0x000009a1      0x133 e:/1 ntfs/cse/imt/imt tools/sdk/imt_sdk_win_64/winavr/bin/../lib/gcc/avr/4.3.3/avr5\libgcc.a(_usi_to_sf.o)
 .debug_line    0x00000ad4       0xa5 e:/1 ntfs/cse/imt/imt tools/sdk/imt_sdk_win_64/winavr/bin/../lib/gcc/avr/4.3.3/avr5\libgcc.a(_clzsi2.o)
 .debug_line    0x00000b79      0x18a e:/1 ntfs/cse/imt/imt tools/sdk/imt_sdk_win_64/winavr/bin/../lib/gcc/avr/4.3.3/avr5\libgcc.a(_pack_sf.o)
 .debug_line    0x00000d03      0x14b e:/1 ntfs/cse/imt/imt tools/sdk/imt_sdk_win_64/winavr/bin/../lib/gcc/avr/4.3.3/avr5\libgcc.a(_unpack_sf.o)
 .debug_line    0x00000e4e      0x137 e:/1 ntfs/cse/imt/imt tools/sdk/imt_sdk_win_64/winavr/bin/../lib/gcc/avr/4.3.3/avr5\libgcc.a(_fpcmp_parts_sf.o)
 .debug_line    0x00000f85       0x7c e:/1 ntfs/cse/imt/imt tools/sdk/imt_sdk_win_64/winavr/bin/../lib/gcc/avr/4.3.3/avr5\libgcc.a(_clz.o)

.debug_frame    0x00000000      0x1a0
 *(.debug_frame)
 .debug_frame   0x00000000       0x20 e:/1 ntfs/cse/imt/imt tools/sdk/imt_sdk_win_64/winavr/bin/../lib/gcc/avr/4.3.3/avr5\libgcc.a(_fixunssfsi.o)
 .debug_frame   0x00000020       0x40 e:/1 ntfs/cse/imt/imt tools/sdk/imt_sdk_win_64/winavr/bin/../lib/gcc/avr/4.3.3/avr5\libgcc.a(_addsub_sf.o)
 .debug_frame   0x00000060       0x20 e:/1 ntfs/cse/imt/imt tools/sdk/imt_sdk_win_64/winavr/bin/../lib/gcc/avr/4.3.3/avr5\libgcc.a(_mul_sf.o)
 .debug_frame   0x00000080       0x20 e:/1 ntfs/cse/imt/imt tools/sdk/imt_sdk_win_64/winavr/bin/../lib/gcc/avr/4.3.3/avr5\libgcc.a(_gt_sf.o)
 .debug_frame   0x000000a0       0x20 e:/1 ntfs/cse/imt/imt tools/sdk/imt_sdk_win_64/winavr/bin/../lib/gcc/avr/4.3.3/avr5\libgcc.a(_ge_sf.o)
 .debug_frame   0x000000c0       0x20 e:/1 ntfs/cse/imt/imt tools/sdk/imt_sdk_win_64/winavr/bin/../lib/gcc/avr/4.3.3/avr5\libgcc.a(_lt_sf.o)
 .debug_frame   0x000000e0       0x20 e:/1 ntfs/cse/imt/imt tools/sdk/imt_sdk_win_64/winavr/bin/../lib/gcc/avr/4.3.3/avr5\libgcc.a(_sf_to_si.o)
 .debug_frame   0x00000100       0x20 e:/1 ntfs/cse/imt/imt tools/sdk/imt_sdk_win_64/winavr/bin/../lib/gcc/avr/4.3.3/avr5\libgcc.a(_usi_to_sf.o)
 .debug_frame   0x00000120       0x20 e:/1 ntfs/cse/imt/imt tools/sdk/imt_sdk_win_64/winavr/bin/../lib/gcc/avr/4.3.3/avr5\libgcc.a(_clzsi2.o)
 .debug_frame   0x00000140       0x20 e:/1 ntfs/cse/imt/imt tools/sdk/imt_sdk_win_64/winavr/bin/../lib/gcc/avr/4.3.3/avr5\libgcc.a(_pack_sf.o)
 .debug_frame   0x00000160       0x20 e:/1 ntfs/cse/imt/imt tools/sdk/imt_sdk_win_64/winavr/bin/../lib/gcc/avr/4.3.3/avr5\libgcc.a(_unpack_sf.o)
 .debug_frame   0x00000180       0x20 e:/1 ntfs/cse/imt/imt tools/sdk/imt_sdk_win_64/winavr/bin/../lib/gcc/avr/4.3.3/avr5\libgcc.a(_fpcmp_parts_sf.o)

.debug_str      0x00000000      0x2c1
 *(.debug_str)
 .debug_str     0x00000000       0xbf e:/1 ntfs/cse/imt/imt tools/sdk/imt_sdk_win_64/winavr/bin/../lib/gcc/avr/4.3.3/avr5\libgcc.a(_fixunssfsi.o)
                                 0xfe (size before relaxing)
 .debug_str     0x000000bf      0x14d e:/1 ntfs/cse/imt/imt tools/sdk/imt_sdk_win_64/winavr/bin/../lib/gcc/avr/4.3.3/avr5\libgcc.a(_addsub_sf.o)
                                0x206 (size before relaxing)
 .debug_str     0x0000020c       0x27 e:/1 ntfs/cse/imt/imt tools/sdk/imt_sdk_win_64/winavr/bin/../lib/gcc/avr/4.3.3/avr5\libgcc.a(_mul_sf.o)
                                0x1bf (size before relaxing)
 .debug_str     0x00000233        0x8 e:/1 ntfs/cse/imt/imt tools/sdk/imt_sdk_win_64/winavr/bin/../lib/gcc/avr/4.3.3/avr5\libgcc.a(_gt_sf.o)
                                0x195 (size before relaxing)
 .debug_str     0x0000023b        0x8 e:/1 ntfs/cse/imt/imt tools/sdk/imt_sdk_win_64/winavr/bin/../lib/gcc/avr/4.3.3/avr5\libgcc.a(_ge_sf.o)
                                0x195 (size before relaxing)
 .debug_str     0x00000243        0x8 e:/1 ntfs/cse/imt/imt tools/sdk/imt_sdk_win_64/winavr/bin/../lib/gcc/avr/4.3.3/avr5\libgcc.a(_lt_sf.o)
                                0x195 (size before relaxing)
 .debug_str     0x0000024b        0xa e:/1 ntfs/cse/imt/imt tools/sdk/imt_sdk_win_64/winavr/bin/../lib/gcc/avr/4.3.3/avr5\libgcc.a(_sf_to_si.o)
                                0x19e (size before relaxing)
 .debug_str     0x00000000      0x103 e:/1 ntfs/cse/imt/imt tools/sdk/imt_sdk_win_64/winavr/bin/../lib/gcc/avr/4.3.3/avr5\libgcc.a(_thenan_sf.o)
 .debug_str     0x00000255       0x21 e:/1 ntfs/cse/imt/imt tools/sdk/imt_sdk_win_64/winavr/bin/../lib/gcc/avr/4.3.3/avr5\libgcc.a(_usi_to_sf.o)
                                0x177 (size before relaxing)
 .debug_str     0x00000276       0x20 e:/1 ntfs/cse/imt/imt tools/sdk/imt_sdk_win_64/winavr/bin/../lib/gcc/avr/4.3.3/avr5\libgcc.a(_clzsi2.o)
                                0x111 (size before relaxing)
 .debug_str     0x00000296       0x10 e:/1 ntfs/cse/imt/imt tools/sdk/imt_sdk_win_64/winavr/bin/../lib/gcc/avr/4.3.3/avr5\libgcc.a(_pack_sf.o)
                                0x19d (size before relaxing)
 .debug_str     0x000002a6        0xb e:/1 ntfs/cse/imt/imt tools/sdk/imt_sdk_win_64/winavr/bin/../lib/gcc/avr/4.3.3/avr5\libgcc.a(_unpack_sf.o)
                                0x17f (size before relaxing)
 .debug_str     0x000002b1       0x10 e:/1 ntfs/cse/imt/imt tools/sdk/imt_sdk_win_64/winavr/bin/../lib/gcc/avr/4.3.3/avr5\libgcc.a(_fpcmp_parts_sf.o)
                                0x163 (size before relaxing)
 .debug_str     0x00000000       0xf4 e:/1 ntfs/cse/imt/imt tools/sdk/imt_sdk_win_64/winavr/bin/../lib/gcc/avr/4.3.3/avr5\libgcc.a(_clz.o)

.debug_loc      0x00000000      0x8ae
 *(.debug_loc)
 .debug_loc     0x00000000       0x34 e:/1 ntfs/cse/imt/imt tools/sdk/imt_sdk_win_64/winavr/bin/../lib/gcc/avr/4.3.3/avr5\libgcc.a(_fixunssfsi.o)
 .debug_loc     0x00000034      0x32a e:/1 ntfs/cse/imt/imt tools/sdk/imt_sdk_win_64/winavr/bin/../lib/gcc/avr/4.3.3/avr5\libgcc.a(_addsub_sf.o)
 .debug_loc     0x0000035e      0x104 e:/1 ntfs/cse/imt/imt tools/sdk/imt_sdk_win_64/winavr/bin/../lib/gcc/avr/4.3.3/avr5\libgcc.a(_mul_sf.o)
 .debug_loc     0x00000462       0x3c e:/1 ntfs/cse/imt/imt tools/sdk/imt_sdk_win_64/winavr/bin/../lib/gcc/avr/4.3.3/avr5\libgcc.a(_gt_sf.o)
 .debug_loc     0x0000049e       0x3c e:/1 ntfs/cse/imt/imt tools/sdk/imt_sdk_win_64/winavr/bin/../lib/gcc/avr/4.3.3/avr5\libgcc.a(_ge_sf.o)
 .debug_loc     0x000004da       0x3c e:/1 ntfs/cse/imt/imt tools/sdk/imt_sdk_win_64/winavr/bin/../lib/gcc/avr/4.3.3/avr5\libgcc.a(_lt_sf.o)
 .debug_loc     0x00000516       0x7e e:/1 ntfs/cse/imt/imt tools/sdk/imt_sdk_win_64/winavr/bin/../lib/gcc/avr/4.3.3/avr5\libgcc.a(_sf_to_si.o)
 .debug_loc     0x00000594       0x4c e:/1 ntfs/cse/imt/imt tools/sdk/imt_sdk_win_64/winavr/bin/../lib/gcc/avr/4.3.3/avr5\libgcc.a(_usi_to_sf.o)
 .debug_loc     0x000005e0       0x94 e:/1 ntfs/cse/imt/imt tools/sdk/imt_sdk_win_64/winavr/bin/../lib/gcc/avr/4.3.3/avr5\libgcc.a(_clzsi2.o)
 .debug_loc     0x00000674      0x13e e:/1 ntfs/cse/imt/imt tools/sdk/imt_sdk_win_64/winavr/bin/../lib/gcc/avr/4.3.3/avr5\libgcc.a(_pack_sf.o)
 .debug_loc     0x000007b2       0xac e:/1 ntfs/cse/imt/imt tools/sdk/imt_sdk_win_64/winavr/bin/../lib/gcc/avr/4.3.3/avr5\libgcc.a(_unpack_sf.o)
 .debug_loc     0x0000085e       0x50 e:/1 ntfs/cse/imt/imt tools/sdk/imt_sdk_win_64/winavr/bin/../lib/gcc/avr/4.3.3/avr5\libgcc.a(_fpcmp_parts_sf.o)

.debug_macinfo
 *(.debug_macinfo)
OUTPUT(7_segment.elf elf32-avr)
LOAD linker stubs

.debug_ranges   0x00000000       0x50
 .debug_ranges  0x00000000       0x50 e:/1 ntfs/cse/imt/imt tools/sdk/imt_sdk_win_64/winavr/bin/../lib/gcc/avr/4.3.3/avr5\libgcc.a(_mul_sf.o)
